2026-04-29 20:33:22,104 - INFO - Cliente creado: Ana María Rodríguez (ID: C001)
2026-04-29 20:33:22,104 - INFO - Cliente creado: Carlos López (ID: C002)
2026-04-29 20:33:22,104 - INFO - Cliente creado: María García (ID: C003)
2026-04-29 20:33:22,104 - INFO - Cliente creado: Juan Pérez (ID: C004)
2026-04-29 20:34:27,931 - INFO - Cliente creado: danilo (ID: a2)
2026-04-29 20:35:00,868 - INFO - Reserva creada: RES-0001
2026-04-29 20:35:34,908 - INFO - Reserva creada: RES-0003
2026-05-03 14:00:17,162 - INFO - Cliente creado: Ana María Rodríguez (ID: C001)
2026-05-03 14:00:17,163 - INFO - Cliente creado: Carlos López (ID: C002)
2026-05-03 14:00:17,163 - INFO - Cliente creado: María García (ID: C003)
2026-05-03 14:00:17,164 - INFO - Cliente creado: María García (ID: C003)
2026-05-03 14:00:17,164 - INFO - Cliente creado: Juan Pérez (ID: C004)
2026-05-03 14:00:17,164 - INFO - Cliente creado: Juan Pérez (ID: C004)
2026-05-03 14:01:26,339 - INFO - Cliente creado: Ana María Rodríguez (ID: C001)
2026-05-03 14:01:26,339 - INFO - Cliente creado: Carlos López (ID: C002)
2026-05-03 14:01:26,339 - INFO - Cliente creado: María García (ID: C003)
2026-05-03 14:01:26,339 - INFO - Cliente creado: Juan Pérez (ID: C004)
2026-05-03 14:01:29,477 - INFO - Cliente creado: Ana María Rodríguez (ID: C001)
2026-05-03 14:01:29,478 - INFO - Cliente creado: Carlos López (ID: C002)
2026-05-03 14:01:29,478 - INFO - Cliente creado: María García (ID: C003)
2026-05-03 14:01:29,478 - INFO - Cliente creado: Juan Pérez (ID: C004)
2026-05-03 14:01:32,793 - INFO - Cliente creado: Ana María Rodríguez (ID: C001)
2026-05-03 14:01:32,793 - INFO - Cliente creado: Carlos López (ID: C002)
2026-05-03 14:01:32,793 - INFO - Cliente creado: María García (ID: C003)
2026-05-03 14:01:32,794 - INFO - Cliente creado: Juan Pérez (ID: C004)
2026-05-03 14:01:34,950 - INFO - Cliente creado: Ana María Rodríguez (ID: C001)
2026-05-03 14:01:34,951 - INFO - Cliente creado: Carlos López (ID: C002)
2026-05-03 14:01:34,951 - INFO - Cliente creado: María García (ID: C003)
2026-05-03 14:01:34,951 - INFO - Cliente creado: Juan Pérez (ID: C004)
2026-05-03 14:01:36,791 - INFO - Cliente creado: Ana María Rodríguez (ID: C001)
2026-05-03 14:01:36,791 - INFO - Cliente creado: Carlos López (ID: C002)
2026-05-03 14:01:36,792 - INFO - Cliente creado: María García (ID: C003)
2026-05-03 14:01:36,792 - INFO - Cliente creado: Juan Pérez (ID: C004)
2026-05-03 14:01:38,422 - INFO - Cliente creado: Ana María Rodríguez (ID: C001)
2026-05-03 14:01:38,422 - INFO - Cliente creado: Carlos López (ID: C002)
2026-05-03 14:01:38,422 - INFO - Cliente creado: María García (ID: C003)
2026-05-03 14:01:38,422 - INFO - Cliente creado: Juan Pérez (ID: C004)
2026-05-03 14:01:39,896 - INFO - Cliente creado: Ana María Rodríguez (ID: C001)
2026-05-03 14:01:39,897 - INFO - Cliente creado: Carlos López (ID: C002)
2026-05-03 14:01:39,897 - INFO - Cliente creado: María García (ID: C003)
2026-05-03 14:01:39,897 - INFO - Cliente creado: Juan Pérez (ID: C004)
2026-05-03 14:01:41,122 - INFO - Cliente creado: Ana María Rodríguez (ID: C001)
2026-05-03 14:01:41,122 - INFO - Cliente creado: Carlos López (ID: C002)
2026-05-03 14:01:41,122 - INFO - Cliente creado: María García (ID: C003)
2026-05-03 14:01:41,122 - INFO - Cliente creado: Juan Pérez (ID: C004)
2026-05-03 14:01:42,236 - INFO - Cliente creado: Ana María Rodríguez (ID: C001)
2026-05-03 14:01:42,236 - INFO - Cliente creado: Carlos López (ID: C002)
2026-05-03 14:01:42,237 - INFO - Cliente creado: María García (ID: C003)
2026-05-03 14:01:42,237 - INFO - Cliente creado: Juan Pérez (ID: C004)
2026-05-03 14:01:43,447 - INFO - Cliente creado: Ana María Rodríguez (ID: C001)
2026-05-03 14:01:43,448 - INFO - Cliente creado: Carlos López (ID: C002)
2026-05-03 14:01:43,448 - INFO - Cliente creado: María García (ID: C003)
2026-05-03 14:01:43,448 - INFO - Cliente creado: Juan Pérez (ID: C004)
2026-05-03 14:01:44,555 - INFO - Cliente creado: Ana María Rodríguez (ID: C001)
2026-05-03 14:01:44,555 - INFO - Cliente creado: Carlos López (ID: C002)
2026-05-03 14:01:44,555 - INFO - Cliente creado: María García (ID: C003)
2026-05-03 14:01:44,555 - INFO - Cliente creado: Juan Pérez (ID: C004)
